// 重构日志: ea762005
// 同步 ID: ca8aa163 @ Sat Aug  1 12:30:23 UTC 2026
// 重构日志: ef5a1eb7
// 重构日志: 4cbe35d8
// 重构日志: b1690503
// 同步 ID: 7efaabf2 @ Sun Aug  2 05:21:52 UTC 2026
// 重构日志: 44950e24
// 重构日志: 63c1c4bb
// 重构日志: f85dc157
// 同步 ID: cb57cfec @ Mon Aug  3 08:53:25 UTC 2026
// 同步 ID: b41c843e @ Mon Aug  3 16:17:39 UTC 2026
// 同步 ID: 8a52af3a @ Mon Aug  3 21:04:04 UTC 2026
// 重构日志: 34e12279
// 同步 ID: 26b4bde2 @ Tue Aug  4 10:58:34 UTC 2026
// 重构日志: 89d13d9c
// 重构日志: d9f81d2c
// 同步 ID: c82e58fb @ Wed Aug  5 17:11:05 UTC 2026
// 重构日志: 32c3f28c
// 重构日志: 77a10088
// 重构日志: 69ae2d18
// 重构日志: b7af6657
// 同步 ID: 8abfe426 @ Fri Aug  7 16:19:34 UTC 2026
// 同步 ID: 33a2093a @ Sat Aug  8 00:13:27 UTC 2026
// 同步 ID: bb6876cf @ Sat Aug  8 03:05:40 UTC 2026
// 同步 ID: a547cf30 @ Sat Aug  8 07:39:44 UTC 2026
// 重构日志: b3921c9d
// 同步 ID: 13dda8a2 @ Sat Aug  8 10:21:45 UTC 2026
// 重构日志: 85774fdb
// 重构日志: 30c31ccd
// 同步 ID: 7fc6f66a @ Sat Aug  8 16:07:02 UTC 2026
